2026-08-14 17:04:18,457 - __main__ - INFO - [SYSTEM] STREAMLIT APP RERUN
2026-08-14 17:04:18,880 - __main__ - INFO - [SYSTEM] STREAMLIT APP RERUN
2026-08-14 17:04:22,857 - __main__ - INFO - [SYSTEM] STREAMLIT APP RERUN
2026-08-14 17:04:37,554 - __main__ - INFO - [SYSTEM] STREAMLIT APP RERUN
2026-08-14 17:04:37,949 - __main__ - INFO - [SYSTEM] VIDEO UPLOADED: Learn How to Swim Backstroke in 30 Seconds!.mp4
2026-08-14 17:04:41,986 - __main__ - INFO - [SYSTEM] STREAMLIT APP RERUN
2026-08-14 17:04:42,306 - __main__ - INFO - [SYSTEM] VIDEO UPLOADED: Learn How to Swim Backstroke in 30 Seconds!.mp4
2026-08-14 17:04:46,578 - __main__ - INFO - [SYSTEM] STREAMLIT APP RERUN
2026-08-14 17:04:47,315 - __main__ - INFO - [SYSTEM] VIDEO UPLOADED: Learn How to Swim Backstroke in 30 Seconds!.mp4
2026-08-14 17:04:50,482 - __main__ - INFO - [SYSTEM] STREAMLIT APP RERUN
2026-08-14 17:04:50,949 - __main__ - INFO - [SYSTEM] VIDEO UPLOADED: Learn How to Swim Backstroke in 30 Seconds!.mp4
2026-08-14 17:04:52,632 - __main__ - INFO - [SYSTEM] ENTER: process_video
2026-08-14 17:04:52,633 - services.analysis_service - INFO - [ANALYSIS] Starting video processing for: D:\AI_Projects\Swim_Analyzer_AI\data\input_videos\upload_ebc10d90dadf4e0a8ee74b0a5396330f.mp4 (Effective FPS: 29.97002997002997, Frame Stride: 1)
2026-08-14 17:04:52,648 - analysis.pose_detector - INFO - [POSE] Initializing PoseDetector with model: D:\AI_Projects\Swim_Analyzer_AI\models\pose_landmarker_full.task
2026-08-14 17:04:54,724 - utils.video_utils - INFO - [VIDEO] Opened video: D:\AI_Projects\Swim_Analyzer_AI\data\input_videos\upload_ebc10d90dadf4e0a8ee74b0a5396330f.mp4 (1280x720 @ 29.97002997002997fps)
2026-08-14 17:04:55,154 - utils.video_utils - INFO - [VIDEO] Opened video: D:\AI_Projects\Swim_Analyzer_AI\data\input_videos\upload_ebc10d90dadf4e0a8ee74b0a5396330f.mp4 (1280x720 @ 29.97002997002997fps)
2026-08-14 17:04:55,159 - utils.video_utils - INFO - [VIDEO] Output video will be downscaled to 854x480 (480p max) for stability.
2026-08-14 17:04:55,162 - utils.video_utils - INFO - [VIDEO] Writer setup complete for: D:\AI_Projects\Swim_Analyzer_AI\data\output_videos\processed_upload_ebc10d90dadf4e0a8ee74b0a5396330f.mp4 (Codec: mp4v)
2026-08-14 17:05:35,340 - services.scientific_updater_service - INFO - [SYSTEM] [70%] Building strictly supported benchmarks...
2026-08-14 17:05:35,644 - services.scientific_updater_service - INFO - [SYSTEM] [85%] Rebuilding population coverage matrix...
2026-08-14 17:05:35,799 - services.scientific_updater_service - INFO - [SYSTEM] [90%] Running strict scientific safety tests...
2026-08-14 17:05:36,828 - services.scientific_updater_service - INFO - [SYSTEM] [100%] Scientific Database Update complete.
2026-08-14 17:05:52,208 - analysis.pose_detector - INFO - [POSE] Initializing PoseDetector with model: D:\AI_Projects\Swim_Analyzer_AI\models\pose_landmarker_full.task
2026-08-14 17:05:54,078 - analysis.pose_detector - INFO - [POSE] Initializing PoseDetector with model: D:\AI_Projects\Swim_Analyzer_AI\models\pose_landmarker_full.task
2026-08-14 17:05:56,212 - scientific_reference.scientific_source_repository - INFO - [SYSTEM] Loaded 63 scientific literature sources from registry.
2026-08-14 17:05:57,623 - scientific_reference.scientific_source_repository - INFO - [SYSTEM] Loaded 63 scientific literature sources from registry.
2026-08-14 17:05:59,134 - scientific_reference.scientific_source_repository - INFO - [SYSTEM] Loaded 63 scientific literature sources from registry.
2026-08-14 17:05:59,706 - analysis.benchmarks.benchmark_engine - INFO - [SYSTEM] Loaded benchmark dataset for Backstroke (v2.0.0)
2026-08-14 17:05:59,718 - analysis.benchmarks.benchmark_engine - INFO - [SYSTEM] Loaded benchmark dataset for Breaststroke (v2.0.0)
2026-08-14 17:05:59,726 - analysis.benchmarks.benchmark_engine - INFO - [SYSTEM] Loaded benchmark dataset for Butterfly (v2.0.0)
2026-08-14 17:05:59,745 - analysis.benchmarks.benchmark_engine - INFO - [SYSTEM] Loaded benchmark dataset for Freestyle (v2.0.0)
2026-08-14 17:05:59,772 - analysis.benchmarks.benchmark_engine - INFO - [SYSTEM] Loaded benchmark dataset for Backstroke (v2.0.0)
2026-08-14 17:05:59,788 - analysis.benchmarks.benchmark_engine - INFO - [SYSTEM] Loaded benchmark dataset for Breaststroke (v2.0.0)
2026-08-14 17:05:59,803 - analysis.benchmarks.benchmark_engine - INFO - [SYSTEM] Loaded benchmark dataset for Butterfly (v2.0.0)
2026-08-14 17:05:59,830 - analysis.benchmarks.benchmark_engine - INFO - [SYSTEM] Loaded benchmark dataset for Freestyle (v2.0.0)
2026-08-14 17:06:00,009 - analysis.benchmarks.benchmark_engine - INFO - [SYSTEM] Loaded benchmark dataset for Backstroke (v2.0.0)
2026-08-14 17:06:00,057 - analysis.benchmarks.benchmark_engine - INFO - [SYSTEM] Loaded benchmark dataset for Breaststroke (v2.0.0)
2026-08-14 17:06:00,064 - analysis.benchmarks.benchmark_engine - INFO - [SYSTEM] Loaded benchmark dataset for Butterfly (v2.0.0)
2026-08-14 17:06:00,085 - analysis.benchmarks.benchmark_engine - INFO - [SYSTEM] Loaded benchmark dataset for Freestyle (v2.0.0)
2026-08-14 17:06:00,197 - analysis.classification.ai_stroke_agent - INFO - [SYSTEM] [AI_STROKE_AGENT] Input source: STRUCTURED_ANALYSIS | Video access: NONE | Pose extraction: NONE | Frames analyzed: 0 | Decision: Freestyle | Decision score: 0.65 | Missing evidence: ['wrist_vertical_range_ratio', 'leg_kick_symmetry']
2026-08-14 17:06:50,816 - analysis.consistency_validator - INFO - [ANALYSIS] Consistency Validation complete. Status: Passed. Scientific Confidence: High
2026-08-14 17:06:50,945 - analysis.consistency_validator - INFO - [ANALYSIS] Consistency Validation complete. Status: Warning. Scientific Confidence: Medium
2026-08-14 17:06:50,962 - analysis.consistency_validator - INFO - [ANALYSIS] Consistency Validation complete. Status: Warning. Scientific Confidence: Low
2026-08-14 17:06:50,982 - analysis.consistency_validator - INFO - [ANALYSIS] Consistency Validation complete. Status: Warning. Scientific Confidence: Medium
2026-08-14 17:06:51,006 - analysis.consistency_validator - INFO - [ANALYSIS] Consistency Validation complete. Status: Passed. Scientific Confidence: High
2026-08-14 17:06:51,332 - analysis.consistency_validator - INFO - [ANALYSIS] Consistency Validation complete. Status: Warning. Scientific Confidence: Medium
2026-08-14 17:06:51,429 - analysis.consistency_validator - INFO - [ANALYSIS] Consistency Validation complete. Status: Warning. Scientific Confidence: Medium
2026-08-14 17:07:48,717 - utils.video_utils - INFO - [VIDEO] Video resources released.
2026-08-14 17:07:49,815 - analysis.pose_detector - INFO - [POSE] PoseDetector resources released.
2026-08-14 17:08:29,049 - __main__ - INFO - [SYSTEM] STREAMLIT APP RERUN
2026-08-14 17:08:29,417 - __main__ - INFO - [SYSTEM] VIDEO UPLOADED: Learn How to Swim Backstroke in 30 Seconds!.mp4
2026-08-14 17:08:31,966 - __main__ - INFO - [SYSTEM] ENTER: process_video
2026-08-14 17:08:32,154 - services.analysis_service - INFO - [ANALYSIS] Starting video processing for: D:\AI_Projects\Swim_Analyzer_AI\data\input_videos\upload_ebc10d90dadf4e0a8ee74b0a5396330f.mp4 (Effective FPS: 29.97002997002997, Frame Stride: 1)
2026-08-14 17:08:32,310 - analysis.pose_detector - INFO - [POSE] Initializing PoseDetector with model: D:\AI_Projects\Swim_Analyzer_AI\models\pose_landmarker_full.task
2026-08-14 17:08:37,405 - utils.video_utils - INFO - [VIDEO] Opened video: D:\AI_Projects\Swim_Analyzer_AI\data\input_videos\upload_ebc10d90dadf4e0a8ee74b0a5396330f.mp4 (1280x720 @ 29.97002997002997fps)
2026-08-14 17:08:38,338 - utils.video_utils - INFO - [VIDEO] Opened video: D:\AI_Projects\Swim_Analyzer_AI\data\input_videos\upload_ebc10d90dadf4e0a8ee74b0a5396330f.mp4 (1280x720 @ 29.97002997002997fps)
2026-08-14 17:08:38,461 - utils.video_utils - INFO - [VIDEO] Output video will be downscaled to 854x480 (480p max) for stability.
2026-08-14 17:08:38,627 - utils.video_utils - INFO - [VIDEO] Writer setup complete for: D:\AI_Projects\Swim_Analyzer_AI\data\output_videos\processed_upload_ebc10d90dadf4e0a8ee74b0a5396330f.mp4 (Codec: mp4v)
2026-08-14 17:08:46,658 - __main__ - INFO - [SYSTEM] STREAMLIT APP RERUN
2026-08-14 17:08:47,343 - utils.video_utils - INFO - [VIDEO] Video resources released.
2026-08-14 17:08:47,606 - analysis.pose_detector - INFO - [POSE] PoseDetector resources released.
2026-08-14 17:08:50,148 - __main__ - INFO - [SYSTEM] STREAMLIT APP RERUN
2026-08-14 17:08:50,494 - services.auth_service - INFO - [SYSTEM] Account logged in: coach1 (coach)
2026-08-14 17:08:50,695 - __main__ - INFO - [SYSTEM] STREAMLIT APP RERUN
2026-08-14 17:11:29,909 - analysis.classification.ai_stroke_agent - INFO - [SYSTEM] [AI_STROKE_AGENT] Input source: STRUCTURED_ANALYSIS | Video access: NONE | Pose extraction: NONE | Frames analyzed: 0 | Decision: Freestyle | Decision score: 0.65 | Missing evidence: ['wrist_vertical_range_ratio', 'leg_kick_symmetry']
2026-08-14 17:11:31,766 - services.analysis_service - INFO - [ANALYSIS] Starting video processing for: test_stability_video.mp4 (Effective FPS: 30.0, Frame Stride: 2)
2026-08-14 17:11:31,850 - analysis.pose_detector - INFO - [POSE] Initializing PoseDetector with model: D:\AI_Projects\Swim_Analyzer_AI\models\pose_landmarker_full.task
2026-08-14 17:11:33,115 - utils.video_utils - INFO - [VIDEO] Opened video: test_stability_video.mp4 (854x480 @ 30.0fps)
2026-08-14 17:11:33,119 - utils.video_utils - INFO - [VIDEO] Opened video: test_stability_video.mp4 (854x480 @ 30.0fps)
2026-08-14 17:11:33,121 - utils.video_utils - INFO - [VIDEO] Writer setup complete for: D:\AI_Projects\Swim_Analyzer_AI\data\output_videos\processed_test_stability_video.mp4 (Codec: mp4v)
2026-08-14 17:11:33,717 - services.analysis_service - WARNING - [ANALYSIS] Early precheck VQA critical failure. Aborting before full processing.
2026-08-14 17:11:33,720 - utils.video_utils - INFO - [VIDEO] Video resources released.
2026-08-14 17:11:34,452 - analysis.pose_detector - INFO - [POSE] PoseDetector resources released.
2026-08-14 17:11:34,604 - analysis.benchmarks.benchmark_engine - INFO - [SYSTEM] Loaded benchmark dataset for Backstroke (v2.0.0)
2026-08-14 17:11:34,612 - analysis.benchmarks.benchmark_engine - INFO - [SYSTEM] Loaded benchmark dataset for Breaststroke (v2.0.0)
2026-08-14 17:11:34,616 - analysis.benchmarks.benchmark_engine - INFO - [SYSTEM] Loaded benchmark dataset for Butterfly (v2.0.0)
2026-08-14 17:11:34,620 - analysis.benchmarks.benchmark_engine - INFO - [SYSTEM] Loaded benchmark dataset for Freestyle (v2.0.0)
2026-08-14 17:11:34,621 - services.benchmark_service - INFO - [SYSTEM] Successfully evaluated benchmarks (Skill: N/A (Unvalidated Cohort), Dataset: Freestyle Population Reference Matrix v2.0)
2026-08-14 17:11:34,632 - analysis.benchmarks.benchmark_engine - INFO - [SYSTEM] Loaded benchmark dataset for Backstroke (v2.0.0)
2026-08-14 17:11:34,637 - analysis.benchmarks.benchmark_engine - INFO - [SYSTEM] Loaded benchmark dataset for Breaststroke (v2.0.0)
2026-08-14 17:11:34,645 - analysis.benchmarks.benchmark_engine - INFO - [SYSTEM] Loaded benchmark dataset for Butterfly (v2.0.0)
2026-08-14 17:11:34,649 - analysis.benchmarks.benchmark_engine - INFO - [SYSTEM] Loaded benchmark dataset for Freestyle (v2.0.0)
2026-08-14 17:11:34,656 - analysis.benchmarks.benchmark_engine - INFO - [SYSTEM] Loaded benchmark dataset for Backstroke (v2.0.0)
2026-08-14 17:11:34,663 - analysis.benchmarks.benchmark_engine - INFO - [SYSTEM] Loaded benchmark dataset for Breaststroke (v2.0.0)
2026-08-14 17:11:34,666 - analysis.benchmarks.benchmark_engine - INFO - [SYSTEM] Loaded benchmark dataset for Butterfly (v2.0.0)
2026-08-14 17:11:34,671 - analysis.benchmarks.benchmark_engine - INFO - [SYSTEM] Loaded benchmark dataset for Freestyle (v2.0.0)
2026-08-14 17:11:34,672 - services.benchmark_service - INFO - [SYSTEM] Successfully evaluated benchmarks (Skill: Intermediate, Dataset: )
2026-08-14 17:11:34,684 - analysis.benchmarks.benchmark_engine - INFO - [SYSTEM] Loaded benchmark dataset for Backstroke (v2.0.0)
2026-08-14 17:11:34,696 - analysis.benchmarks.benchmark_engine - INFO - [SYSTEM] Loaded benchmark dataset for Breaststroke (v2.0.0)
2026-08-14 17:11:34,701 - analysis.benchmarks.benchmark_engine - INFO - [SYSTEM] Loaded benchmark dataset for Butterfly (v2.0.0)
2026-08-14 17:11:34,711 - analysis.benchmarks.benchmark_engine - INFO - [SYSTEM] Loaded benchmark dataset for Freestyle (v2.0.0)
2026-08-14 17:11:34,720 - analysis.benchmarks.benchmark_engine - INFO - [SYSTEM] Loaded benchmark dataset for Backstroke (v2.0.0)
2026-08-14 17:11:34,732 - analysis.benchmarks.benchmark_engine - INFO - [SYSTEM] Loaded benchmark dataset for Breaststroke (v2.0.0)
2026-08-14 17:11:34,735 - analysis.benchmarks.benchmark_engine - INFO - [SYSTEM] Loaded benchmark dataset for Butterfly (v2.0.0)
2026-08-14 17:11:34,746 - analysis.benchmarks.benchmark_engine - INFO - [SYSTEM] Loaded benchmark dataset for Freestyle (v2.0.0)
2026-08-14 17:11:34,760 - analysis.benchmarks.benchmark_engine - INFO - [SYSTEM] Loaded benchmark dataset for Backstroke (v2.0.0)
2026-08-14 17:11:34,768 - analysis.benchmarks.benchmark_engine - INFO - [SYSTEM] Loaded benchmark dataset for Breaststroke (v2.0.0)
2026-08-14 17:11:34,777 - analysis.benchmarks.benchmark_engine - INFO - [SYSTEM] Loaded benchmark dataset for Butterfly (v2.0.0)
2026-08-14 17:11:34,788 - analysis.benchmarks.benchmark_engine - INFO - [SYSTEM] Loaded benchmark dataset for Freestyle (v2.0.0)
2026-08-14 17:11:34,800 - analysis.benchmarks.benchmark_engine - INFO - [SYSTEM] Loaded benchmark dataset for Backstroke (v2.0.0)
2026-08-14 17:11:34,809 - analysis.benchmarks.benchmark_engine - INFO - [SYSTEM] Loaded benchmark dataset for Breaststroke (v2.0.0)
2026-08-14 17:11:34,815 - analysis.benchmarks.benchmark_engine - INFO - [SYSTEM] Loaded benchmark dataset for Butterfly (v2.0.0)
2026-08-14 17:11:34,822 - analysis.benchmarks.benchmark_engine - INFO - [SYSTEM] Loaded benchmark dataset for Freestyle (v2.0.0)
2026-08-14 17:11:34,846 - analysis.benchmarks.benchmark_engine - INFO - [SYSTEM] Loaded benchmark dataset for Freestyle (v1.0.0)
2026-08-14 17:14:58,086 - __main__ - INFO - [SYSTEM] STREAMLIT APP RERUN
2026-08-14 17:15:06,953 - __main__ - INFO - [SYSTEM] STREAMLIT APP RERUN
2026-08-14 17:15:07,173 - services.auth_service - INFO - [SYSTEM] Account logged in: coach1 (coach)
2026-08-14 17:15:07,296 - __main__ - INFO - [SYSTEM] STREAMLIT APP RERUN
2026-08-14 17:15:09,328 - __main__ - INFO - [SYSTEM] STREAMLIT APP RERUN
2026-08-14 17:15:13,133 - __main__ - INFO - [SYSTEM] STREAMLIT APP RERUN
2026-08-14 17:15:21,824 - __main__ - INFO - [SYSTEM] STREAMLIT APP RERUN
2026-08-14 17:15:21,875 - __main__ - INFO - [SYSTEM] VIDEO UPLOADED: videoplayback.mp4
2026-08-14 17:15:26,465 - __main__ - INFO - [SYSTEM] STREAMLIT APP RERUN
2026-08-14 17:15:26,494 - __main__ - INFO - [SYSTEM] VIDEO UPLOADED: videoplayback.mp4
2026-08-14 17:15:29,152 - __main__ - INFO - [SYSTEM] STREAMLIT APP RERUN
2026-08-14 17:15:29,181 - __main__ - INFO - [SYSTEM] VIDEO UPLOADED: videoplayback.mp4
2026-08-14 17:15:29,369 - __main__ - INFO - [SYSTEM] STREAMLIT APP RERUN
2026-08-14 17:15:29,396 - __main__ - INFO - [SYSTEM] VIDEO UPLOADED: videoplayback.mp4
2026-08-14 17:15:29,479 - __main__ - INFO - [SYSTEM] ENTER: process_video
2026-08-14 17:15:29,480 - services.analysis_service - INFO - [ANALYSIS] Starting video processing for: D:\AI_Projects\Swim_Analyzer_AI\data\input_videos\upload_9a7c513863414830859d6ce12990e621.mp4 (Effective FPS: 30.0, Frame Stride: 1)
2026-08-14 17:15:29,487 - analysis.pose_detector - INFO - [POSE] Initializing PoseDetector with model: D:\AI_Projects\Swim_Analyzer_AI\models\pose_landmarker_full.task
2026-08-14 17:15:29,844 - utils.video_utils - INFO - [VIDEO] Opened video: D:\AI_Projects\Swim_Analyzer_AI\data\input_videos\upload_9a7c513863414830859d6ce12990e621.mp4 (360x640 @ 30.0fps)
2026-08-14 17:15:29,860 - utils.video_utils - INFO - [VIDEO] Opened video: D:\AI_Projects\Swim_Analyzer_AI\data\input_videos\upload_9a7c513863414830859d6ce12990e621.mp4 (360x640 @ 30.0fps)
2026-08-14 17:15:29,863 - utils.video_utils - INFO - [VIDEO] Writer setup complete for: D:\AI_Projects\Swim_Analyzer_AI\data\output_videos\processed_upload_9a7c513863414830859d6ce12990e621.mp4 (Codec: mp4v)
2026-08-14 17:15:54,429 - services.analysis_service - INFO - [ANALYSIS] Successfully processed 192 frames.
2026-08-14 17:15:54,436 - utils.video_utils - INFO - [VIDEO] Video resources released.
2026-08-14 17:15:54,682 - analysis.benchmarks.benchmark_engine - INFO - [SYSTEM] Loaded benchmark dataset for Backstroke (v2.0.0)
2026-08-14 17:15:54,688 - analysis.benchmarks.benchmark_engine - INFO - [SYSTEM] Loaded benchmark dataset for Breaststroke (v2.0.0)
2026-08-14 17:15:54,692 - analysis.benchmarks.benchmark_engine - INFO - [SYSTEM] Loaded benchmark dataset for Butterfly (v2.0.0)
2026-08-14 17:15:54,697 - analysis.benchmarks.benchmark_engine - INFO - [SYSTEM] Loaded benchmark dataset for Freestyle (v2.0.0)
2026-08-14 17:15:54,699 - services.benchmark_service - INFO - [SYSTEM] Successfully evaluated benchmarks (Skill: N/A (Unvalidated Cohort), Dataset: Freestyle Population Reference Matrix v2.0)
2026-08-14 17:15:54,893 - services.export_service - ERROR - [EXPORT] Failed to export JSON: 'SimpleResult' object has no attribute 'get'
2026-08-14 17:16:01,269 - utils.video_utils - INFO - [VIDEO] [VIDEO] Video transcoded to web-optimized H.264 format: D:\AI_Projects\Swim_Analyzer_AI\data\output_videos\processed_upload_9a7c513863414830859d6ce12990e621.mp4
2026-08-14 17:16:01,318 - utils.video_utils - INFO - [VIDEO] Export validation passed. Size: 0.82 MB, Frames: 192, Duration: 6.40s
2026-08-14 17:16:01,690 - analysis.pose_detector - INFO - [POSE] PoseDetector resources released.
2026-08-14 17:16:01,692 - __main__ - INFO - [SYSTEM] EXIT: process_video
2026-08-14 17:16:01,718 - services.analysis_history_service - ERROR - Error saving analysis session ab287c0d-4431-4bef-9097-c114643ac83c to database.
2026-08-14 17:16:01,880 - __main__ - INFO - [SYSTEM] STREAMLIT APP RERUN
2026-08-14 17:16:01,909 - __main__ - INFO - [SYSTEM] VIDEO UPLOADED: videoplayback.mp4
2026-08-14 17:16:01,962 - __main__ - INFO - [SYSTEM] [TRACE] ENTER render_video_section
2026-08-14 17:16:01,968 - __main__ - INFO - [SYSTEM] [TRACE] ENTER render_video_native_mode
2026-08-14 17:16:01,986 - __main__ - INFO - [SYSTEM] [TRACE] EXIT render_video_native_mode
2026-08-14 17:16:01,990 - __main__ - INFO - [SYSTEM] [TRACE] EXIT render_video_section
2026-08-14 17:16:01,992 - __main__ - INFO - [SYSTEM] [TRACE] ENTER render_summary
2026-08-14 17:16:02,001 - __main__ - INFO - [SYSTEM] [TRACE] EXIT render_summary
2026-08-14 17:16:02,004 - __main__ - INFO - [SYSTEM] [TRACE] ENTER render_consistency
2026-08-14 17:16:02,017 - __main__ - INFO - [SYSTEM] [TRACE] EXIT render_consistency
2026-08-14 17:16:02,020 - __main__ - INFO - [SYSTEM] [TRACE] ENTER render_report_tab
2026-08-14 17:16:02,030 - __main__ - INFO - [SYSTEM] [TRACE] EXIT render_report_tab
2026-08-14 17:16:02,397 - scientific_reference.scientific_source_repository - INFO - [SYSTEM] Loaded 63 scientific literature sources from registry.
2026-08-14 17:16:02,851 - __main__ - INFO - [SYSTEM] [TRACE] ENTER render_raw_data_tab
2026-08-14 17:16:03,048 - __main__ - INFO - [SYSTEM] [TRACE] ENTER body_roll_chart
2026-08-14 17:16:05,747 - __main__ - INFO - [SYSTEM] [TRACE] EXIT body_roll_chart
2026-08-14 17:16:05,752 - __main__ - INFO - [SYSTEM] [TRACE] ENTER elbow_chart
2026-08-14 17:16:06,008 - __main__ - INFO - [SYSTEM] [TRACE] EXIT elbow_chart
2026-08-14 17:16:06,013 - __main__ - INFO - [SYSTEM] [TRACE] ENTER shoulder_chart
2026-08-14 17:16:06,208 - __main__ - INFO - [SYSTEM] [TRACE] EXIT shoulder_chart
2026-08-14 17:16:06,212 - __main__ - INFO - [SYSTEM] [TRACE] ENTER dataframe_render
2026-08-14 17:16:06,220 - __main__ - INFO - [SYSTEM] [TRACE] EXIT dataframe_render
2026-08-14 17:16:06,221 - __main__ - INFO - [SYSTEM] [TRACE] EXIT render_raw_data_tab
2026-08-14 17:16:06,224 - __main__ - INFO - [SYSTEM] [TRACE] ENTER render_download_buttons
2026-08-14 17:16:06,510 - scientific_reference.scientific_source_repository - INFO - [SYSTEM] Loaded 63 scientific literature sources from registry.
2026-08-14 17:16:06,515 - services.pdf_report_service - INFO - [SYSTEM] Generated session analysis PDF: D:\AI_Projects\Swim_Analyzer_AI\data\pdf_reports\Session_Report_25511649.pdf
2026-08-14 17:16:06,609 - __main__ - INFO - [SYSTEM] [TRACE] EXIT render_download_buttons
2026-08-14 17:16:30,911 - __main__ - INFO - [SYSTEM] STREAMLIT APP RERUN
2026-08-14 17:16:50,753 - __main__ - INFO - [SYSTEM] STREAMLIT APP RERUN
2026-08-14 17:16:53,799 - __main__ - INFO - [SYSTEM] STREAMLIT APP RERUN
2026-08-14 17:17:46,053 - __main__ - INFO - [SYSTEM] STREAMLIT APP RERUN
2026-08-14 17:17:46,251 - services.auth_service - INFO - [SYSTEM] Account logged in: coach1 (coach)
2026-08-14 17:17:46,399 - __main__ - INFO - [SYSTEM] STREAMLIT APP RERUN
